Archive member included to satisfy reference by file (symbol)

c:/program files (x86)/atmel/studio/7.0/toolchain/avr8/avr8-gnu-toolchain/bin/../lib/gcc/avr/5.4.0/../../../../avr/lib/avr5\libm.a(addsf3.o)
                              Mcal/Timer1/Timer1.o (__subsf3)
c:/program files (x86)/atmel/studio/7.0/toolchain/avr8/avr8-gnu-toolchain/bin/../lib/gcc/avr/5.4.0/../../../../avr/lib/avr5\libm.a(addsf3x.o)
                              c:/program files (x86)/atmel/studio/7.0/toolchain/avr8/avr8-gnu-toolchain/bin/../lib/gcc/avr/5.4.0/../../../../avr/lib/avr5\libm.a(addsf3.o) (__addsf3x)
c:/program files (x86)/atmel/studio/7.0/toolchain/avr8/avr8-gnu-toolchain/bin/../lib/gcc/avr/5.4.0/../../../../avr/lib/avr5\libm.a(divsf3.o)
                              Hal/Servo/Servo.o (__divsf3)
c:/program files (x86)/atmel/studio/7.0/toolchain/avr8/avr8-gnu-toolchain/bin/../lib/gcc/avr/5.4.0/../../../../avr/lib/avr5\libm.a(divsf3x.o)
                              c:/program files (x86)/atmel/studio/7.0/toolchain/avr8/avr8-gnu-toolchain/bin/../lib/gcc/avr/5.4.0/../../../../avr/lib/avr5\libm.a(divsf3.o) (__divsf3x)
c:/program files (x86)/atmel/studio/7.0/toolchain/avr8/avr8-gnu-toolchain/bin/../lib/gcc/avr/5.4.0/../../../../avr/lib/avr5\libm.a(fixunssfsi.o)
                              Mcal/Timer1/Timer1.o (__fixunssfsi)
c:/program files (x86)/atmel/studio/7.0/toolchain/avr8/avr8-gnu-toolchain/bin/../lib/gcc/avr/5.4.0/../../../../avr/lib/avr5\libm.a(floatsisf.o)
                              Mcal/Timer1/Timer1.o (__floatunsisf)
c:/program files (x86)/atmel/studio/7.0/toolchain/avr8/avr8-gnu-toolchain/bin/../lib/gcc/avr/5.4.0/../../../../avr/lib/avr5\libm.a(fp_inf.o)
                              c:/program files (x86)/atmel/studio/7.0/toolchain/avr8/avr8-gnu-toolchain/bin/../lib/gcc/avr/5.4.0/../../../../avr/lib/avr5\libm.a(addsf3x.o) (__fp_inf)
c:/program files (x86)/atmel/studio/7.0/toolchain/avr8/avr8-gnu-toolchain/bin/../lib/gcc/avr/5.4.0/../../../../avr/lib/avr5\libm.a(fp_nan.o)
                              c:/program files (x86)/atmel/studio/7.0/toolchain/avr8/avr8-gnu-toolchain/bin/../lib/gcc/avr/5.4.0/../../../../avr/lib/avr5\libm.a(addsf3x.o) (__fp_nan)
c:/program files (x86)/atmel/studio/7.0/toolchain/avr8/avr8-gnu-toolchain/bin/../lib/gcc/avr/5.4.0/../../../../avr/lib/avr5\libm.a(fp_pscA.o)
                              c:/program files (x86)/atmel/studio/7.0/toolchain/avr8/avr8-gnu-toolchain/bin/../lib/gcc/avr/5.4.0/../../../../avr/lib/avr5\libm.a(addsf3x.o) (__fp_pscA)
c:/program files (x86)/atmel/studio/7.0/toolchain/avr8/avr8-gnu-toolchain/bin/../lib/gcc/avr/5.4.0/../../../../avr/lib/avr5\libm.a(fp_pscB.o)
                              c:/program files (x86)/atmel/studio/7.0/toolchain/avr8/avr8-gnu-toolchain/bin/../lib/gcc/avr/5.4.0/../../../../avr/lib/avr5\libm.a(addsf3x.o) (__fp_pscB)
c:/program files (x86)/atmel/studio/7.0/toolchain/avr8/avr8-gnu-toolchain/bin/../lib/gcc/avr/5.4.0/../../../../avr/lib/avr5\libm.a(fp_round.o)
                              c:/program files (x86)/atmel/studio/7.0/toolchain/avr8/avr8-gnu-toolchain/bin/../lib/gcc/avr/5.4.0/../../../../avr/lib/avr5\libm.a(addsf3.o) (__fp_round)
c:/program files (x86)/atmel/studio/7.0/toolchain/avr8/avr8-gnu-toolchain/bin/../lib/gcc/avr/5.4.0/../../../../avr/lib/avr5\libm.a(fp_split3.o)
                              c:/program files (x86)/atmel/studio/7.0/toolchain/avr8/avr8-gnu-toolchain/bin/../lib/gcc/avr/5.4.0/../../../../avr/lib/avr5\libm.a(addsf3x.o) (__fp_split3)
c:/program files (x86)/atmel/studio/7.0/toolchain/avr8/avr8-gnu-toolchain/bin/../lib/gcc/avr/5.4.0/../../../../avr/lib/avr5\libm.a(fp_zero.o)
                              c:/program files (x86)/atmel/studio/7.0/toolchain/avr8/avr8-gnu-toolchain/bin/../lib/gcc/avr/5.4.0/../../../../avr/lib/avr5\libm.a(addsf3x.o) (__fp_zero)
c:/program files (x86)/atmel/studio/7.0/toolchain/avr8/avr8-gnu-toolchain/bin/../lib/gcc/avr/5.4.0/../../../../avr/lib/avr5\libm.a(mulsf3.o)
                              Hal/Servo/Servo.o (__mulsf3)
c:/program files (x86)/atmel/studio/7.0/toolchain/avr8/avr8-gnu-toolchain/bin/../lib/gcc/avr/5.4.0/../../../../avr/lib/avr5\libm.a(mulsf3x.o)
                              c:/program files (x86)/atmel/studio/7.0/toolchain/avr8/avr8-gnu-toolchain/bin/../lib/gcc/avr/5.4.0/../../../../avr/lib/avr5\libm.a(mulsf3.o) (__mulsf3x)
c:/program files (x86)/atmel/studio/7.0/toolchain/avr8/avr8-gnu-toolchain/bin/../lib/gcc/avr/5.4.0/avr5\libgcc.a(_divmodhi4.o)
                              Mcal/Timer0/Timer0.o (__divmodhi4)
c:/program files (x86)/atmel/studio/7.0/toolchain/avr8/avr8-gnu-toolchain/bin/../lib/gcc/avr/5.4.0/avr5\libgcc.a(_udivmodsi4.o)
                              Hal/Lcd/Lcd.o (__udivmodsi4)
c:/program files (x86)/atmel/studio/7.0/toolchain/avr8/avr8-gnu-toolchain/bin/../lib/gcc/avr/5.4.0/avr5\libgcc.a(_divmodsi4.o)
                              Hal/Lcd/Lcd.o (__divmodsi4)
c:/program files (x86)/atmel/studio/7.0/toolchain/avr8/avr8-gnu-toolchain/bin/../lib/gcc/avr/5.4.0/avr5\libgcc.a(_negsi2.o)
                              c:/program files (x86)/atmel/studio/7.0/toolchain/avr8/avr8-gnu-toolchain/bin/../lib/gcc/avr/5.4.0/avr5\libgcc.a(_divmodsi4.o) (__negsi2)
c:/program files (x86)/atmel/studio/7.0/toolchain/avr8/avr8-gnu-toolchain/bin/../lib/gcc/avr/5.4.0/avr5\libgcc.a(_exit.o)
                              C:/Program Files (x86)/Atmel/Studio/7.0/Packs/atmel/ATmega_DFP/1.6.364/gcc/dev/atmega32/avr5/crtatmega32.o (exit)
c:/program files (x86)/atmel/studio/7.0/toolchain/avr8/avr8-gnu-toolchain/bin/../lib/gcc/avr/5.4.0/avr5\libgcc.a(_tablejump2.o)
                              App/main.o (__tablejump2__)
c:/program files (x86)/atmel/studio/7.0/toolchain/avr8/avr8-gnu-toolchain/bin/../lib/gcc/avr/5.4.0/avr5\libgcc.a(_copy_data.o)
                              App/main.o (__do_copy_data)
c:/program files (x86)/atmel/studio/7.0/toolchain/avr8/avr8-gnu-toolchain/bin/../lib/gcc/avr/5.4.0/avr5\libgcc.a(_clear_bss.o)
                              App/main.o (__do_clear_bss)
c:/program files (x86)/atmel/studio/7.0/toolchain/avr8/avr8-gnu-toolchain/bin/../lib/gcc/avr/5.4.0/avr5\libgcc.a(_umulhisi3.o)
                              Hal/LM35/Lm35.o (__umulhisi3)
c:/program files (x86)/atmel/studio/7.0/toolchain/avr8/avr8-gnu-toolchain/bin/../lib/gcc/avr/5.4.0/avr5\libgcc.a(_muluhisi3.o)
                              Hal/Lcd/Lcd.o (__muluhisi3)
c:/program files (x86)/atmel/studio/7.0/toolchain/avr8/avr8-gnu-toolchain/bin/../lib/gcc/avr/5.4.0/avr5\libgcc.a(_udivmodhi4.o)
                              c:/program files (x86)/atmel/studio/7.0/toolchain/avr8/avr8-gnu-toolchain/bin/../lib/gcc/avr/5.4.0/avr5\libgcc.a(_divmodhi4.o) (__udivmodhi4)

Allocating common symbols
Common symbol       size              file

Adc_void_CallBack   0x2               Mcal/Adc/Adc.o

Discarded input sections

 .data          0x00000000        0x0 C:/Program Files (x86)/Atmel/Studio/7.0/Packs/atmel/ATmega_DFP/1.6.364/gcc/dev/atmega32/avr5/crtatmega32.o
 .bss           0x00000000        0x0 C:/Program Files (x86)/Atmel/Studio/7.0/Packs/atmel/ATmega_DFP/1.6.364/gcc/dev/atmega32/avr5/crtatmega32.o
 .text          0x00000000        0x0 App/main.o
 .data          0x00000000        0x0 App/main.o
 .bss           0x00000000        0x0 App/main.o
 .text.CheckEEPROM
                0x00000000       0x3a App/main.o
 .text.DeleteAll
                0x00000000       0x24 App/main.o
 .text.AppInit  0x00000000       0x48 App/main.o
 .text          0x00000000        0x0 Hal/Buzzer/Buzzer.o
 .data          0x00000000        0x0 Hal/Buzzer/Buzzer.o
 .bss           0x00000000        0x0 Hal/Buzzer/Buzzer.o
 .text.H_Buzzer_Beeb
                0x00000000       0x24 Hal/Buzzer/Buzzer.o
 .text.H_Buzzer_Tog
                0x00000000        0x8 Hal/Buzzer/Buzzer.o
 .text          0x00000000        0x0 Hal/DcMotor/DcMotor.o
 .data          0x00000000        0x0 Hal/DcMotor/DcMotor.o
 .bss           0x00000000        0x0 Hal/DcMotor/DcMotor.o
 .text          0x00000000        0x0 Hal/EEPROM/Eeprom.o
 .data          0x00000000        0x0 Hal/EEPROM/Eeprom.o
 .bss           0x00000000        0x0 Hal/EEPROM/Eeprom.o
 .text          0x00000000        0x0 Hal/Keypad/KeyPad.o
 .data          0x00000000        0x0 Hal/Keypad/KeyPad.o
 .bss           0x00000000        0x0 Hal/Keypad/KeyPad.o
 .text          0x00000000        0x0 Hal/Lcd/Lcd.o
 .data          0x00000000        0x0 Hal/Lcd/Lcd.o
 .bss           0x00000000        0x0 Hal/Lcd/Lcd.o
 .text          0x00000000        0x0 Hal/Led/Led.o
 .data          0x00000000        0x0 Hal/Led/Led.o
 .bss           0x00000000        0x0 Hal/Led/Led.o
 .text.H_Led_Blink
                0x00000000       0x28 Hal/Led/Led.o
 .text.H_Led_Tog
                0x00000000        0x6 Hal/Led/Led.o
 .text          0x00000000        0x0 Hal/LM35/Lm35.o
 .data          0x00000000        0x0 Hal/LM35/Lm35.o
 .bss           0x00000000        0x0 Hal/LM35/Lm35.o
 .text          0x00000000        0x0 Hal/PushButton/PushButton.o
 .data          0x00000000        0x0 Hal/PushButton/PushButton.o
 .bss           0x00000000        0x0 Hal/PushButton/PushButton.o
 .text          0x00000000        0x0 Hal/Relay/Relay.o
 .data          0x00000000        0x0 Hal/Relay/Relay.o
 .bss           0x00000000        0x0 Hal/Relay/Relay.o
 .text          0x00000000        0x0 Hal/Servo/Servo.o
 .data          0x00000000        0x0 Hal/Servo/Servo.o
 .bss           0x00000000        0x0 Hal/Servo/Servo.o
 .text.H_Servo_TurnOff
                0x00000000        0x6 Hal/Servo/Servo.o
 .text          0x00000000        0x0 Mcal/Adc/Adc.o
 .data          0x00000000        0x0 Mcal/Adc/Adc.o
 .bss           0x00000000        0x0 Mcal/Adc/Adc.o
 .text.M_Adc_SetCallBackAdc
                0x00000000        0xa Mcal/Adc/Adc.o
 COMMON         0x00000000        0x2 Mcal/Adc/Adc.o
 .text          0x00000000        0x0 Mcal/Dio/Dio.o
 .data          0x00000000        0x0 Mcal/Dio/Dio.o
 .bss           0x00000000        0x0 Mcal/Dio/Dio.o
 .text.M_Dio_PinTog
                0x00000000       0x94 Mcal/Dio/Dio.o
 .text          0x00000000        0x0 Mcal/ExtInt/ExtInt.o
 .data          0x00000000        0x0 Mcal/ExtInt/ExtInt.o
 .bss           0x00000000        0x0 Mcal/ExtInt/ExtInt.o
 .text.M_ExtInt_Init
                0x00000000       0x5c Mcal/ExtInt/ExtInt.o
 .text.M_ExtInt_SetCallBackInt0
                0x00000000        0xa Mcal/ExtInt/ExtInt.o
 .text.M_ExtInt_SetCallBackInt1
                0x00000000        0xa Mcal/ExtInt/ExtInt.o
 .text.M_ExtInt_SetCallBackInt2
                0x00000000        0xa Mcal/ExtInt/ExtInt.o
 .bss.ExtInt_void_CallBackInt2
                0x00000000        0x2 Mcal/ExtInt/ExtInt.o
 .bss.ExtInt_void_CallBackInt1
                0x00000000        0x2 Mcal/ExtInt/ExtInt.o
 .bss.ExtInt_void_CallBackInt0
                0x00000000        0x2 Mcal/ExtInt/ExtInt.o
 .debug_info    0x00000000      0x1c6 Mcal/ExtInt/ExtInt.o
 .debug_abbrev  0x00000000       0xb7 Mcal/ExtInt/ExtInt.o
 .debug_loc     0x00000000       0x53 Mcal/ExtInt/ExtInt.o
 .debug_aranges
                0x00000000       0x38 Mcal/ExtInt/ExtInt.o
 .debug_ranges  0x00000000       0x28 Mcal/ExtInt/ExtInt.o
 .debug_line    0x00000000      0x14f Mcal/ExtInt/ExtInt.o
 .debug_str     0x00000000      0x281 Mcal/ExtInt/ExtInt.o
 .comment       0x00000000       0x31 Mcal/ExtInt/ExtInt.o
 .debug_frame   0x00000000       0x54 Mcal/ExtInt/ExtInt.o
 .text          0x00000000        0x0 Mcal/I2C/I2c.o
 .data          0x00000000        0x0 Mcal/I2C/I2c.o
 .bss           0x00000000        0x0 Mcal/I2C/I2c.o
 .text.M_I2c_ReadByte
                0x00000000        0xe Mcal/I2C/I2c.o
 .text          0x00000000        0x0 Mcal/Timer0/Timer0.o
 .data          0x00000000        0x0 Mcal/Timer0/Timer0.o
 .bss           0x00000000        0x0 Mcal/Timer0/Timer0.o
 .text.M_Timer0_Init
                0x00000000       0x1a Mcal/Timer0/Timer0.o
 .text.M_Timer0_SetTime
                0x00000000       0x82 Mcal/Timer0/Timer0.o
 .text.M_Timer0_Start
                0x00000000       0x14 Mcal/Timer0/Timer0.o
 .text.M_Timer0_Stop
                0x00000000       0x14 Mcal/Timer0/Timer0.o
 .text.M_Pwm0_Init
                0x00000000       0x22 Mcal/Timer0/Timer0.o
 .text.M_Pwm0_SetDutyCycle
                0x00000000       0x40 Mcal/Timer0/Timer0.o
 .text.M_Pwm0_Start
                0x00000000        0x6 Mcal/Timer0/Timer0.o
 .text.M_Pwm0_Stop
                0x00000000        0x6 Mcal/Timer0/Timer0.o
 .text.M_Timer0_SetCallBack
                0x00000000        0xa Mcal/Timer0/Timer0.o
 .bss.Timer0_void_CallBack
                0x00000000        0x2 Mcal/Timer0/Timer0.o
 .bss.Timer0_u8_RemTicks
                0x00000000        0x1 Mcal/Timer0/Timer0.o
 .bss.Timer0_u32_NumOfCompareMatch
                0x00000000        0x4 Mcal/Timer0/Timer0.o
 .bss.Timer0_u32_NumberofOVFs
                0x00000000        0x4 Mcal/Timer0/Timer0.o
 .debug_info    0x00000000      0x292 Mcal/Timer0/Timer0.o
 .debug_abbrev  0x00000000      0x12e Mcal/Timer0/Timer0.o
 .debug_loc     0x00000000       0x97 Mcal/Timer0/Timer0.o
 .debug_aranges
                0x00000000       0x60 Mcal/Timer0/Timer0.o
 .debug_ranges  0x00000000       0x50 Mcal/Timer0/Timer0.o
 .debug_line    0x00000000      0x180 Mcal/Timer0/Timer0.o
 .debug_str     0x00000000      0x312 Mcal/Timer0/Timer0.o
 .comment       0x00000000       0x31 Mcal/Timer0/Timer0.o
 .debug_frame   0x00000000       0xb0 Mcal/Timer0/Timer0.o
 .text          0x00000000        0x0 Mcal/Timer1/Timer1.o
 .data          0x00000000        0x0 Mcal/Timer1/Timer1.o
 .bss           0x00000000        0x0 Mcal/Timer1/Timer1.o
 .text.M_Pwm1_Stop
                0x00000000       0x14 Mcal/Timer1/Timer1.o
 .text          0x00000000        0x0 Mcal/Timer2/Timer2.o
 .data          0x00000000        0x0 Mcal/Timer2/Timer2.o
 .bss           0x00000000        0x0 Mcal/Timer2/Timer2.o
 .text.M_Timer2_Init
                0x00000000       0x1a Mcal/Timer2/Timer2.o
 .text.M_Timer2_SetTime
                0x00000000       0x82 Mcal/Timer2/Timer2.o
 .text.M_Timer2_SetCallBack
                0x00000000        0xa Mcal/Timer2/Timer2.o
 .bss.Timer2_void_CallBack
                0x00000000        0x2 Mcal/Timer2/Timer2.o
 .bss.Timer2_u8_RemTicks
                0x00000000        0x1 Mcal/Timer2/Timer2.o
 .bss.Timer2_u32_NumOfCompareMatch
                0x00000000        0x4 Mcal/Timer2/Timer2.o
 .bss.Timer2_u32_NumberofOVFs
                0x00000000        0x4 Mcal/Timer2/Timer2.o
 .text          0x00000000        0x0 c:/program files (x86)/atmel/studio/7.0/toolchain/avr8/avr8-gnu-toolchain/bin/../lib/gcc/avr/5.4.0/../../../../avr/lib/avr5\libm.a(addsf3.o)
 .data          0x00000000        0x0 c:/program files (x86)/atmel/studio/7.0/toolchain/avr8/avr8-gnu-toolchain/bin/../lib/gcc/avr/5.4.0/../../../../avr/lib/avr5\libm.a(addsf3.o)
 .bss           0x00000000        0x0 c:/program files (x86)/atmel/studio/7.0/toolchain/avr8/avr8-gnu-toolchain/bin/../lib/gcc/avr/5.4.0/../../../../avr/lib/avr5\libm.a(addsf3.o)
 .text          0x00000000        0x0 c:/program files (x86)/atmel/studio/7.0/toolchain/avr8/avr8-gnu-toolchain/bin/../lib/gcc/avr/5.4.0/../../../../avr/lib/avr5\libm.a(addsf3x.o)
 .data          0x00000000        0x0 c:/program files (x86)/atmel/studio/7.0/toolchain/avr8/avr8-gnu-toolchain/bin/../lib/gcc/avr/5.4.0/../../../../avr/lib/avr5\libm.a(addsf3x.o)
 .bss           0x00000000        0x0 c:/program files (x86)/atmel/studio/7.0/toolchain/avr8/avr8-gnu-toolchain/bin/../lib/gcc/avr/5.4.0/../../../../avr/lib/avr5\libm.a(addsf3x.o)
 .text          0x00000000        0x0 c:/program files (x86)/atmel/studio/7.0/toolchain/avr8/avr8-gnu-toolchain/bin/../lib/gcc/avr/5.4.0/../../../../avr/lib/avr5\libm.a(divsf3.o)
 .data          0x00000000        0x0 c:/program files (x86)/atmel/studio/7.0/toolchain/avr8/avr8-gnu-toolchain/bin/../lib/gcc/avr/5.4.0/../../../../avr/lib/avr5\libm.a(divsf3.o)
 .bss           0x00000000        0x0 c:/program files (x86)/atmel/studio/7.0/toolchain/avr8/avr8-gnu-toolchain/bin/../lib/gcc/avr/5.4.0/../../../../avr/lib/avr5\libm.a(divsf3.o)
 .text          0x00000000        0x0 c:/program files (x86)/atmel/studio/7.0/toolchain/avr8/avr8-gnu-toolchain/bin/../lib/gcc/avr/5.4.0/../../../../avr/lib/avr5\libm.a(divsf3x.o)
 .data          0x00000000        0x0 c:/program files (x86)/atmel/studio/7.0/toolchain/avr8/avr8-gnu-toolchain/bin/../lib/gcc/avr/5.4.0/../../../../avr/lib/avr5\libm.a(divsf3x.o)
 .bss           0x00000000        0x0 c:/program files (x86)/atmel/studio/7.0/toolchain/avr8/avr8-gnu-toolchain/bin/../lib/gcc/avr/5.4.0/../../../../avr/lib/avr5\libm.a(divsf3x.o)
 .text          0x00000000        0x0 c:/program files (x86)/atmel/studio/7.0/toolchain/avr8/avr8-gnu-toolchain/bin/../lib/gcc/avr/5.4.0/../../../../avr/lib/avr5\libm.a(fixunssfsi.o)
 .data          0x00000000        0x0 c:/program files (x86)/atmel/studio/7.0/toolchain/avr8/avr8-gnu-toolchain/bin/../lib/gcc/avr/5.4.0/../../../../avr/lib/avr5\libm.a(fixunssfsi.o)
 .bss           0x00000000        0x0 c:/program files (x86)/atmel/studio/7.0/toolchain/avr8/avr8-gnu-toolchain/bin/../lib/gcc/avr/5.4.0/../../../../avr/lib/avr5\libm.a(fixunssfsi.o)
 .text          0x00000000        0x0 c:/program files (x86)/atmel/studio/7.0/toolchain/avr8/avr8-gnu-toolchain/bin/../lib/gcc/avr/5.4.0/../../../../avr/lib/avr5\libm.a(floatsisf.o)
 .data          0x00000000        0x0 c:/program files (x86)/atmel/studio/7.0/toolchain/avr8/avr8-gnu-toolchain/bin/../lib/gcc/avr/5.4.0/../../../../avr/lib/avr5\libm.a(floatsisf.o)
 .bss           0x00000000        0x0 c:/program files (x86)/atmel/studio/7.0/toolchain/avr8/avr8-gnu-toolchain/bin/../lib/gcc/avr/5.4.0/../../../../avr/lib/avr5\libm.a(floatsisf.o)
 .text          0x00000000        0x0 c:/program files (x86)/atmel/studio/7.0/toolchain/avr8/avr8-gnu-toolchain/bin/../lib/gcc/avr/5.4.0/../../../../avr/lib/avr5\libm.a(fp_inf.o)
 .data          0x00000000        0x0 c:/program files (x86)/atmel/studio/7.0/toolchain/avr8/avr8-gnu-toolchain/bin/../lib/gcc/avr/5.4.0/../../../../avr/lib/avr5\libm.a(fp_inf.o)
 .bss           0x00000000        0x0 c:/program files (x86)/atmel/studio/7.0/toolchain/avr8/avr8-gnu-toolchain/bin/../lib/gcc/avr/5.4.0/../../../../avr/lib/avr5\libm.a(fp_inf.o)
 .text          0x00000000        0x0 c:/program files (x86)/atmel/studio/7.0/toolchain/avr8/avr8-gnu-toolchain/bin/../lib/gcc/avr/5.4.0/../../../../avr/lib/avr5\libm.a(fp_nan.o)
 .data          0x00000000        0x0 c:/program files (x86)/atmel/studio/7.0/toolchain/avr8/avr8-gnu-toolchain/bin/../lib/gcc/avr/5.4.0/../../../../avr/lib/avr5\libm.a(fp_nan.o)
 .bss           0x00000000        0x0 c:/program files (x86)/atmel/studio/7.0/toolchain/avr8/avr8-gnu-toolchain/bin/../lib/gcc/avr/5.4.0/../../../../avr/lib/avr5\libm.a(fp_nan.o)
 .text          0x00000000        0x0 c:/program files (x86)/atmel/studio/7.0/toolchain/avr8/avr8-gnu-toolchain/bin/../lib/gcc/avr/5.4.0/../../../../avr/lib/avr5\libm.a(fp_pscA.o)
 .data          0x00000000        0x0 c:/program files (x86)/atmel/studio/7.0/toolchain/avr8/avr8-gnu-toolchain/bin/../lib/gcc/avr/5.4.0/../../../../avr/lib/avr5\libm.a(fp_pscA.o)
 .bss           0x00000000        0x0 c:/program files (x86)/atmel/studio/7.0/toolchain/avr8/avr8-gnu-toolchain/bin/../lib/gcc/avr/5.4.0/../../../../avr/lib/avr5\libm.a(fp_pscA.o)
 .text          0x00000000        0x0 c:/program files (x86)/atmel/studio/7.0/toolchain/avr8/avr8-gnu-toolchain/bin/../lib/gcc/avr/5.4.0/../../../../avr/lib/avr5\libm.a(fp_pscB.o)
 .data          0x00000000        0x0 c:/program files (x86)/atmel/studio/7.0/toolchain/avr8/avr8-gnu-toolchain/bin/../lib/gcc/avr/5.4.0/../../../../avr/lib/avr5\libm.a(fp_pscB.o)
 .bss           0x00000000        0x0 c:/program files (x86)/atmel/studio/7.0/toolchain/avr8/avr8-gnu-toolchain/bin/../lib/gcc/avr/5.4.0/../../../../avr/lib/avr5\libm.a(fp_pscB.o)
 .text          0x00000000        0x0 c:/program files (x86)/atmel/studio/7.0/toolchain/avr8/avr8-gnu-toolchain/bin/../lib/gcc/avr/5.4.0/../../../../avr/lib/avr5\libm.a(fp_round.o)
 .data          0x00000000        0x0 c:/program files (x86)/atmel/studio/7.0/toolchain/avr8/avr8-gnu-toolchain/bin/../lib/gcc/avr/5.4.0/../../../../avr/lib/avr5\libm.a(fp_round.o)
 .bss           0x00000000        0x0 c:/program files (x86)/atmel/studio/7.0/toolchain/avr8/avr8-gnu-toolchain/bin/../lib/gcc/avr/5.4.0/../../../../avr/lib/avr5\libm.a(fp_round.o)
 .text          0x00000000        0x0 c:/program files (x86)/atmel/studio/7.0/toolchain/avr8/avr8-gnu-toolchain/bin/../lib/gcc/avr/5.4.0/../../../../avr/lib/avr5\libm.a(fp_split3.o)
 .data          0x00000000        0x0 c:/program files (x86)/atmel/studio/7.0/toolchain/avr8/avr8-gnu-toolchain/bin/../lib/gcc/avr/5.4.0/../../../../avr/lib/avr5\libm.a(fp_split3.o)
 .bss           0x00000000        0x0 c:/program files (x86)/atmel/studio/7.0/toolchain/avr8/avr8-gnu-toolchain/bin/../lib/gcc/avr/5.4.0/../../../../avr/lib/avr5\libm.a(fp_split3.o)
 .text          0x00000000        0x0 c:/program files (x86)/atmel/studio/7.0/toolchain/avr8/avr8-gnu-toolchain/bin/../lib/gcc/avr/5.4.0/../../../../avr/lib/avr5\libm.a(fp_zero.o)
 .data          0x00000000        0x0 c:/program files (x86)/atmel/studio/7.0/toolchain/avr8/avr8-gnu-toolchain/bin/../lib/gcc/avr/5.4.0/../../../../avr/lib/avr5\libm.a(fp_zero.o)
 .bss           0x00000000        0x0 c:/program files (x86)/atmel/studio/7.0/toolchain/avr8/avr8-gnu-toolchain/bin/../lib/gcc/avr/5.4.0/../../../../avr/lib/avr5\libm.a(fp_zero.o)
 .text          0x00000000        0x0 c:/program files (x86)/atmel/studio/7.0/toolchain/avr8/avr8-gnu-toolchain/bin/../lib/gcc/avr/5.4.0/../../../../avr/lib/avr5\libm.a(mulsf3.o)
 .data          0x00000000        0x0 c:/program files (x86)/atmel/studio/7.0/toolchain/avr8/avr8-gnu-toolchain/bin/../lib/gcc/avr/5.4.0/../../../../avr/lib/avr5\libm.a(mulsf3.o)
 .bss           0x00000000        0x0 c:/program files (x86)/atmel/studio/7.0/toolchain/avr8/avr8-gnu-toolchain/bin/../lib/gcc/avr/5.4.0/../../../../avr/lib/avr5\libm.a(mulsf3.o)
 .text          0x00000000        0x0 c:/program files (x86)/atmel/studio/7.0/toolchain/avr8/avr8-gnu-toolchain/bin/../lib/gcc/avr/5.4.0/../../../../avr/lib/avr5\libm.a(mulsf3x.o)
 .data          0x00000000        0x0 c:/program files (x86)/atmel/studio/7.0/toolchain/avr8/avr8-gnu-toolchain/bin/../lib/gcc/avr/5.4.0/../../../../avr/lib/avr5\libm.a(mulsf3x.o)
 .bss           0x00000000        0x0 c:/program files (x86)/atmel/studio/7.0/toolchain/avr8/avr8-gnu-toolchain/bin/../lib/gcc/avr/5.4.0/../../../../avr/lib/avr5\libm.a(mulsf3x.o)
 .text          0x00000000        0x0 c:/program files (x86)/atmel/studio/7.0/toolchain/avr8/avr8-gnu-toolchain/bin/../lib/gcc/avr/5.4.0/avr5\libgcc.a(_divmodhi4.o)
 .data          0x00000000        0x0 c:/program files (x86)/atmel/studio/7.0/toolchain/avr8/avr8-gnu-toolchain/bin/../lib/gcc/avr/5.4.0/avr5\libgcc.a(_divmodhi4.o)
 .bss           0x00000000        0x0 c:/program files (x86)/atmel/studio/7.0/toolchain/avr8/avr8-gnu-toolchain/bin/../lib/gcc/avr/5.4.0/avr5\libgcc.a(_divmodhi4.o)
 .text.libgcc.mul
                0x00000000        0x0 c:/program files (x86)/atmel/studio/7.0/toolchain/avr8/avr8-gnu-toolchain/bin/../lib/gcc/avr/5.4.0/avr5\libgcc.a(_divmodhi4.o)
 .text.libgcc   0x00000000        0x0 c:/program files (x86)/atmel/studio/7.0/toolchain/avr8/avr8-gnu-toolchain/bin/../lib/gcc/avr/5.4.0/avr5\libgcc.a(_divmodhi4.o)
 .text.libgcc.prologue
                0x00000000        0x0 c:/program files (x86)/atmel/studio/7.0/toolchain/avr8/avr8-gnu-toolchain/bin/../lib/gcc/avr/5.4.0/avr5\libgcc.a(_divmodhi4.o)
 .text.libgcc.builtins
                0x00000000        0x0 c:/program files (x86)/atmel/studio/7.0/toolchain/avr8/avr8-gnu-toolchain/bin/../lib/gcc/avr/5.4.0/avr5\libgcc.a(_divmodhi4.o)
 .text.libgcc.fmul
                0x00000000        0x0 c:/program files (x86)/atmel/studio/7.0/toolchain/avr8/avr8-gnu-toolchain/bin/../lib/gcc/avr/5.4.0/avr5\libgcc.a(_divmodhi4.o)
 .text.libgcc.fixed
                0x00000000        0x0 c:/program files (x86)/atmel/studio/7.0/toolchain/avr8/avr8-gnu-toolchain/bin/../lib/gcc/avr/5.4.0/avr5\libgcc.a(_divmodhi4.o)
 .text          0x00000000        0x0 c:/program files (x86)/atmel/studio/7.0/toolchain/avr8/avr8-gnu-toolchain/bin/../lib/gcc/avr/5.4.0/avr5\libgcc.a(_udivmodsi4.o)
 .data          0x00000000        0x0 c:/program files (x86)/atmel/studio/7.0/toolchain/avr8/avr8-gnu-toolchain/bin/../lib/gcc/avr/5.4.0/avr5\libgcc.a(_udivmodsi4.o)
 .bss           0x00000000        0x0 c:/program files (x86)/atmel/studio/7.0/toolchain/avr8/avr8-gnu-toolchain/bin/../lib/gcc/avr/5.4.0/avr5\libgcc.a(_udivmodsi4.o)
 .text.libgcc.mul
                0x00000000        0x0 c:/program files (x86)/atmel/studio/7.0/toolchain/avr8/avr8-gnu-toolchain/bin/../lib/gcc/avr/5.4.0/avr5\libgcc.a(_udivmodsi4.o)
 .text.libgcc   0x00000000        0x0 c:/program files (x86)/atmel/studio/7.0/toolchain/avr8/avr8-gnu-toolchain/bin/../lib/gcc/avr/5.4.0/avr5\libgcc.a(_udivmodsi4.o)
 .text.libgcc.prologue
                0x00000000        0x0 c:/program files (x86)/atmel/studio/7.0/toolchain/avr8/avr8-gnu-toolchain/bin/../lib/gcc/avr/5.4.0/avr5\libgcc.a(_udivmodsi4.o)
 .text.libgcc.builtins
                0x00000000        0x0 c:/program files (x86)/atmel/studio/7.0/toolchain/avr8/avr8-gnu-toolchain/bin/../lib/gcc/avr/5.4.0/avr5\libgcc.a(_udivmodsi4.o)
 .text.libgcc.fmul
                0x00000000        0x0 c:/program files (x86)/atmel/studio/7.0/toolchain/avr8/avr8-gnu-toolchain/bin/../lib/gcc/avr/5.4.0/avr5\libgcc.a(_udivmodsi4.o)
 .text.libgcc.fixed
                0x00000000        0x0 c:/program files (x86)/atmel/studio/7.0/toolchain/avr8/avr8-gnu-toolchain/bin/../lib/gcc/avr/5.4.0/avr5\libgcc.a(_udivmodsi4.o)
 .text          0x00000000        0x0 c:/program files (x86)/atmel/studio/7.0/toolchain/avr8/avr8-gnu-toolchain/bin/../lib/gcc/avr/5.4.0/avr5\libgcc.a(_divmodsi4.o)
 .data          0x00000000        0x0 c:/program files (x86)/atmel/studio/7.0/toolchain/avr8/avr8-gnu-toolchain/bin/../lib/gcc/avr/5.4.0/avr5\libgcc.a(_divmodsi4.o)
 .bss           0x00000000        0x0 c:/program files (x86)/atmel/studio/7.0/toolchain/avr8/avr8-gnu-toolchain/bin/../lib/gcc/avr/5.4.0/avr5\libgcc.a(_divmodsi4.o)
 .text.libgcc.mul
                0x00000000        0x0 c:/program files (x86)/atmel/studio/7.0/toolchain/avr8/avr8-gnu-toolchain/bin/../lib/gcc/avr/5.4.0/avr5\libgcc.a(_divmodsi4.o)
 .text.libgcc   0x00000000        0x0 c:/program files (x86)/atmel/studio/7.0/toolchain/avr8/avr8-gnu-toolchain/bin/../lib/gcc/avr/5.4.0/avr5\libgcc.a(_divmodsi4.o)
 .text.libgcc.prologue
                0x00000000        0x0 c:/program files (x86)/atmel/studio/7.0/toolchain/avr8/avr8-gnu-toolchain/bin/../lib/gcc/avr/5.4.0/avr5\libgcc.a(_divmodsi4.o)
 .text.libgcc.builtins
                0x00000000        0x0 c:/program files (x86)/atmel/studio/7.0/toolchain/avr8/avr8-gnu-toolchain/bin/../lib/gcc/avr/5.4.0/avr5\libgcc.a(_divmodsi4.o)
 .text.libgcc.fmul
                0x00000000        0x0 c:/program files (x86)/atmel/studio/7.0/toolchain/avr8/avr8-gnu-toolchain/bin/../lib/gcc/avr/5.4.0/avr5\libgcc.a(_divmodsi4.o)
 .text.libgcc.fixed
                0x00000000        0x0 c:/program files (x86)/atmel/studio/7.0/toolchain/avr8/avr8-gnu-toolchain/bin/../lib/gcc/avr/5.4.0/avr5\libgcc.a(_divmodsi4.o)
 .text          0x00000000        0x0 c:/program files (x86)/atmel/studio/7.0/toolchain/avr8/avr8-gnu-toolchain/bin/../lib/gcc/avr/5.4.0/avr5\libgcc.a(_negsi2.o)
 .data          0x00000000        0x0 c:/program files (x86)/atmel/studio/7.0/toolchain/avr8/avr8-gnu-toolchain/bin/../lib/gcc/avr/5.4.0/avr5\libgcc.a(_negsi2.o)
 .bss           0x00000000        0x0 c:/program files (x86)/atmel/studio/7.0/toolchain/avr8/avr8-gnu-toolchain/bin/../lib/gcc/avr/5.4.0/avr5\libgcc.a(_negsi2.o)
 .text.libgcc.mul
                0x00000000        0x0 c:/program files (x86)/atmel/studio/7.0/toolchain/avr8/avr8-gnu-toolchain/bin/../lib/gcc/avr/5.4.0/avr5\libgcc.a(_negsi2.o)
 .text.libgcc   0x00000000        0x0 c:/program files (x86)/atmel/studio/7.0/toolchain/avr8/avr8-gnu-toolchain/bin/../lib/gcc/avr/5.4.0/avr5\libgcc.a(_negsi2.o)
 .text.libgcc.prologue
                0x00000000        0x0 c:/program files (x86)/atmel/studio/7.0/toolchain/avr8/avr8-gnu-toolchain/bin/../lib/gcc/avr/5.4.0/avr5\libgcc.a(_negsi2.o)
 .text.libgcc.builtins
                0x00000000        0x0 c:/program files (x86)/atmel/studio/7.0/toolchain/avr8/avr8-gnu-toolchain/bin/../lib/gcc/avr/5.4.0/avr5\libgcc.a(_negsi2.o)
 .text.libgcc.fmul
                0x00000000        0x0 c:/program files (x86)/atmel/studio/7.0/toolchain/avr8/avr8-gnu-toolchain/bin/../lib/gcc/avr/5.4.0/avr5\libgcc.a(_negsi2.o)
 .text.libgcc.fixed
                0x00000000        0x0 c:/program files (x86)/atmel/studio/7.0/toolchain/avr8/avr8-gnu-toolchain/bin/../lib/gcc/avr/5.4.0/avr5\libgcc.a(_negsi2.o)
 .text          0x00000000        0x0 c:/program files (x86)/atmel/studio/7.0/toolchain/avr8/avr8-gnu-toolchain/bin/../lib/gcc/avr/5.4.0/avr5\libgcc.a(_exit.o)
 .data          0x00000000        0x0 c:/program files (x86)/atmel/studio/7.0/toolchain/avr8/avr8-gnu-toolchain/bin/../lib/gcc/avr/5.4.0/avr5\libgcc.a(_exit.o)
 .bss           0x00000000        0x0 c:/program files (x86)/atmel/studio/7.0/toolchain/avr8/avr8-gnu-toolchain/bin/../lib/gcc/avr/5.4.0/avr5\libgcc.a(_exit.o)
 .text.libgcc.mul
                0x00000000        0x0 c:/program files (x86)/atmel/studio/7.0/toolchain/avr8/avr8-gnu-toolchain/bin/../lib/gcc/avr/5.4.0/avr5\libgcc.a(_exit.o)
 .text.libgcc.div
                0x00000000        0x0 c:/program files (x86)/atmel/studio/7.0/toolchain/avr8/avr8-gnu-toolchain/bin/../lib/gcc/avr/5.4.0/avr5\libgcc.a(_exit.o)
 .text.libgcc   0x00000000        0x0 c:/program files (x86)/atmel/studio/7.0/toolchain/avr8/avr8-gnu-toolchain/bin/../lib/gcc/avr/5.4.0/avr5\libgcc.a(_exit.o)
 .text.libgcc.prologue
                0x00000000        0x0 c:/program files (x86)/atmel/studio/7.0/toolchain/avr8/avr8-gnu-toolchain/bin/../lib/gcc/avr/5.4.0/avr5\libgcc.a(_exit.o)
 .text.libgcc.builtins
                0x00000000        0x0 c:/program files (x86)/atmel/studio/7.0/toolchain/avr8/avr8-gnu-toolchain/bin/../lib/gcc/avr/5.4.0/avr5\libgcc.a(_exit.o)
 .text.libgcc.fmul
                0x00000000        0x0 c:/program files (x86)/atmel/studio/7.0/toolchain/avr8/avr8-gnu-toolchain/bin/../lib/gcc/avr/5.4.0/avr5\libgcc.a(_exit.o)
 .text.libgcc.fixed
                0x00000000        0x0 c:/program files (x86)/atmel/studio/7.0/toolchain/avr8/avr8-gnu-toolchain/bin/../lib/gcc/avr/5.4.0/avr5\libgcc.a(_exit.o)
 .text          0x00000000        0x0 c:/program files (x86)/atmel/studio/7.0/toolchain/avr8/avr8-gnu-toolchain/bin/../lib/gcc/avr/5.4.0/avr5\libgcc.a(_tablejump2.o)
 .data          0x00000000        0x0 c:/program files (x86)/atmel/studio/7.0/toolchain/avr8/avr8-gnu-toolchain/bin/../lib/gcc/avr/5.4.0/avr5\libgcc.a(_tablejump2.o)
 .bss           0x00000000        0x0 c:/program files (x86)/atmel/studio/7.0/toolchain/avr8/avr8-gnu-toolchain/bin/../lib/gcc/avr/5.4.0/avr5\libgcc.a(_tablejump2.o)
 .text.libgcc.mul
                0x00000000        0x0 c:/program files (x86)/atmel/studio/7.0/toolchain/avr8/avr8-gnu-toolchain/bin/../lib/gcc/avr/5.4.0/avr5\libgcc.a(_tablejump2.o)
 .text.libgcc.div
                0x00000000        0x0 c:/program files (x86)/atmel/studio/7.0/toolchain/avr8/avr8-gnu-toolchain/bin/../lib/gcc/avr/5.4.0/avr5\libgcc.a(_tablejump2.o)
 .text.libgcc.prologue
                0x00000000        0x0 c:/program files (x86)/atmel/studio/7.0/toolchain/avr8/avr8-gnu-toolchain/bin/../lib/gcc/avr/5.4.0/avr5\libgcc.a(_tablejump2.o)
 .text.libgcc.builtins
                0x00000000        0x0 c:/program files (x86)/atmel/studio/7.0/toolchain/avr8/avr8-gnu-toolchain/bin/../lib/gcc/avr/5.4.0/avr5\libgcc.a(_tablejump2.o)
 .text.libgcc.fmul
                0x00000000        0x0 c:/program files (x86)/atmel/studio/7.0/toolchain/avr8/avr8-gnu-toolchain/bin/../lib/gcc/avr/5.4.0/avr5\libgcc.a(_tablejump2.o)
 .text.libgcc.fixed
                0x00000000        0x0 c:/program files (x86)/atmel/studio/7.0/toolchain/avr8/avr8-gnu-toolchain/bin/../lib/gcc/avr/5.4.0/avr5\libgcc.a(_tablejump2.o)
 .text          0x00000000        0x0 c:/program files (x86)/atmel/studio/7.0/toolchain/avr8/avr8-gnu-toolchain/bin/../lib/gcc/avr/5.4.0/avr5\libgcc.a(_copy_data.o)
 .data          0x00000000        0x0 c:/program files (x86)/atmel/studio/7.0/toolchain/avr8/avr8-gnu-toolchain/bin/../lib/gcc/avr/5.4.0/avr5\libgcc.a(_copy_data.o)
 .bss           0x00000000        0x0 c:/program files (x86)/atmel/studio/7.0/toolchain/avr8/avr8-gnu-toolchain/bin/../lib/gcc/avr/5.4.0/avr5\libgcc.a(_copy_data.o)
 .text.libgcc.mul
                0x00000000        0x0 c:/program files (x86)/atmel/studio/7.0/toolchain/avr8/avr8-gnu-toolchain/bin/../lib/gcc/avr/5.4.0/avr5\libgcc.a(_copy_data.o)
 .text.libgcc.div
                0x00000000        0x0 c:/program files (x86)/atmel/studio/7.0/toolchain/avr8/avr8-gnu-toolchain/bin/../lib/gcc/avr/5.4.0/avr5\libgcc.a(_copy_data.o)
 .text.libgcc   0x00000000        0x0 c:/program files (x86)/atmel/studio/7.0/toolchain/avr8/avr8-gnu-toolchain/bin/../lib/gcc/avr/5.4.0/avr5\libgcc.a(_copy_data.o)
 .text.libgcc.prologue
                0x00000000        0x0 c:/program files (x86)/atmel/studio/7.0/toolchain/avr8/avr8-gnu-toolchain/bin/../lib/gcc/avr/5.4.0/avr5\libgcc.a(_copy_data.o)
 .text.libgcc.builtins
                0x00000000        0x0 c:/program files (x86)/atmel/studio/7.0/toolchain/avr8/avr8-gnu-toolchain/bin/../lib/gcc/avr/5.4.0/avr5\libgcc.a(_copy_data.o)
 .text.libgcc.fmul
                0x00000000        0x0 c:/program files (x86)/atmel/studio/7.0/toolchain/avr8/avr8-gnu-toolchain/bin/../lib/gcc/avr/5.4.0/avr5\libgcc.a(_copy_data.o)
 .text.libgcc.fixed
                0x00000000        0x0 c:/program files (x86)/atmel/studio/7.0/toolchain/avr8/avr8-gnu-toolchain/bin/../lib/gcc/avr/5.4.0/avr5\libgcc.a(_copy_data.o)
 .text          0x00000000        0x0 c:/program files (x86)/atmel/studio/7.0/toolchain/avr8/avr8-gnu-toolchain/bin/../lib/gcc/avr/5.4.0/avr5\libgcc.a(_clear_bss.o)
 .data          0x00000000        0x0 c:/program files (x86)/atmel/studio/7.0/toolchain/avr8/avr8-gnu-toolchain/bin/../lib/gcc/avr/5.4.0/avr5\libgcc.a(_clear_bss.o)
 .bss           0x00000000        0x0 c:/program files (x86)/atmel/studio/7.0/toolchain/avr8/avr8-gnu-toolchain/bin/../lib/gcc/avr/5.4.0/avr5\libgcc.a(_clear_bss.o)
 .text.libgcc.mul
                0x00000000        0x0 c:/program files (x86)/atmel/studio/7.0/toolchain/avr8/avr8-gnu-toolchain/bin/../lib/gcc/avr/5.4.0/avr5\libgcc.a(_clear_bss.o)
 .text.libgcc.div
                0x00000000        0x0 c:/program files (x86)/atmel/studio/7.0/toolchain/avr8/avr8-gnu-toolchain/bin/../lib/gcc/avr/5.4.0/avr5\libgcc.a(_clear_bss.o)
 .text.libgcc   0x00000000        0x0 c:/program files (x86)/atmel/studio/7.0/toolchain/avr8/avr8-gnu-toolchain/bin/../lib/gcc/avr/5.4.0/avr5\libgcc.a(_clear_bss.o)
 .text.libgcc.prologue
                0x00000000        0x0 c:/program files (x86)/atmel/studio/7.0/toolchain/avr8/avr8-gnu-toolchain/bin/../lib/gcc/avr/5.4.0/avr5\libgcc.a(_clear_bss.o)
 .text.libgcc.builtins
                0x00000000        0x0 c:/program files (x86)/atmel/studio/7.0/toolchain/avr8/avr8-gnu-toolchain/bin/../lib/gcc/avr/5.4.0/avr5\libgcc.a(_clear_bss.o)
 .text.libgcc.fmul
                0x00000000        0x0 c:/program files (x86)/atmel/studio/7.0/toolchain/avr8/avr8-gnu-toolchain/bin/../lib/gcc/avr/5.4.0/avr5\libgcc.a(_clear_bss.o)
 .text.libgcc.fixed
                0x00000000        0x0 c:/program files (x86)/atmel/studio/7.0/toolchain/avr8/avr8-gnu-toolchain/bin/../lib/gcc/avr/5.4.0/avr5\libgcc.a(_clear_bss.o)
 .text          0x00000000        0x0 c:/program files (x86)/atmel/studio/7.0/toolchain/avr8/avr8-gnu-toolchain/bin/../lib/gcc/avr/5.4.0/avr5\libgcc.a(_umulhisi3.o)
 .data          0x00000000        0x0 c:/program files (x86)/atmel/studio/7.0/toolchain/avr8/avr8-gnu-toolchain/bin/../lib/gcc/avr/5.4.0/avr5\libgcc.a(_umulhisi3.o)
 .bss           0x00000000        0x0 c:/program files (x86)/atmel/studio/7.0/toolchain/avr8/avr8-gnu-toolchain/bin/../lib/gcc/avr/5.4.0/avr5\libgcc.a(_umulhisi3.o)
 .text.libgcc.div
                0x00000000        0x0 c:/program files (x86)/atmel/studio/7.0/toolchain/avr8/avr8-gnu-toolchain/bin/../lib/gcc/avr/5.4.0/avr5\libgcc.a(_umulhisi3.o)
 .text.libgcc   0x00000000        0x0 c:/program files (x86)/atmel/studio/7.0/toolchain/avr8/avr8-gnu-toolchain/bin/../lib/gcc/avr/5.4.0/avr5\libgcc.a(_umulhisi3.o)
 .text.libgcc.prologue
                0x00000000        0x0 c:/program files (x86)/atmel/studio/7.0/toolchain/avr8/avr8-gnu-toolchain/bin/../lib/gcc/avr/5.4.0/avr5\libgcc.a(_umulhisi3.o)
 .text.libgcc.builtins
                0x00000000        0x0 c:/program files (x86)/atmel/studio/7.0/toolchain/avr8/avr8-gnu-toolchain/bin/../lib/gcc/avr/5.4.0/avr5\libgcc.a(_umulhisi3.o)
 .text.libgcc.fmul
                0x00000000        0x0 c:/program files (x86)/atmel/studio/7.0/toolchain/avr8/avr8-gnu-toolchain/bin/../lib/gcc/avr/5.4.0/avr5\libgcc.a(_umulhisi3.o)
 .text.libgcc.fixed
                0x00000000        0x0 c:/program files (x86)/atmel/studio/7.0/toolchain/avr8/avr8-gnu-toolchain/bin/../lib/gcc/avr/5.4.0/avr5\libgcc.a(_umulhisi3.o)
 .text          0x00000000        0x0 c:/program files (x86)/atmel/studio/7.0/toolchain/avr8/avr8-gnu-toolchain/bin/../lib/gcc/avr/5.4.0/avr5\libgcc.a(_muluhisi3.o)
 .data          0x00000000        0x0 c:/program files (x86)/atmel/studio/7.0/toolchain/avr8/avr8-gnu-toolchain/bin/../lib/gcc/avr/5.4.0/avr5\libgcc.a(_muluhisi3.o)
 .bss           0x00000000        0x0 c:/program files (x86)/atmel/studio/7.0/toolchain/avr8/avr8-gnu-toolchain/bin/../lib/gcc/avr/5.4.0/avr5\libgcc.a(_muluhisi3.o)
 .text.libgcc.div
                0x00000000        0x0 c:/program files (x86)/atmel/studio/7.0/toolchain/avr8/avr8-gnu-toolchain/bin/../lib/gcc/avr/5.4.0/avr5\libgcc.a(_muluhisi3.o)
 .text.libgcc   0x00000000        0x0 c:/program files (x86)/atmel/studio/7.0/toolchain/avr8/avr8-gnu-toolchain/bin/../lib/gcc/avr/5.4.0/avr5\libgcc.a(_muluhisi3.o)
 .text.libgcc.prologue
                0x00000000        0x0 c:/program files (x86)/atmel/studio/7.0/toolchain/avr8/avr8-gnu-toolchain/bin/../lib/gcc/avr/5.4.0/avr5\libgcc.a(_muluhisi3.o)
 .text.libgcc.builtins
                0x00000000        0x0 c:/program files (x86)/atmel/studio/7.0/toolchain/avr8/avr8-gnu-toolchain/bin/../lib/gcc/avr/5.4.0/avr5\libgcc.a(_muluhisi3.o)
 .text.libgcc.fmul
                0x00000000        0x0 c:/program files (x86)/atmel/studio/7.0/toolchain/avr8/avr8-gnu-toolchain/bin/../lib/gcc/avr/5.4.0/avr5\libgcc.a(_muluhisi3.o)
 .text.libgcc.fixed
                0x00000000        0x0 c:/program files (x86)/atmel/studio/7.0/toolchain/avr8/avr8-gnu-toolchain/bin/../lib/gcc/avr/5.4.0/avr5\libgcc.a(_muluhisi3.o)
 .text          0x00000000        0x0 c:/program files (x86)/atmel/studio/7.0/toolchain/avr8/avr8-gnu-toolchain/bin/../lib/gcc/avr/5.4.0/avr5\libgcc.a(_udivmodhi4.o)
 .data          0x00000000        0x0 c:/program files (x86)/atmel/studio/7.0/toolchain/avr8/avr8-gnu-toolchain/bin/../lib/gcc/avr/5.4.0/avr5\libgcc.a(_udivmodhi4.o)
 .bss           0x00000000        0x0 c:/program files (x86)/atmel/studio/7.0/toolchain/avr8/avr8-gnu-toolchain/bin/../lib/gcc/avr/5.4.0/avr5\libgcc.a(_udivmodhi4.o)
 .text.libgcc.mul
                0x00000000        0x0 c:/program files (x86)/atmel/studio/7.0/toolchain/avr8/avr8-gnu-toolchain/bin/../lib/gcc/avr/5.4.0/avr5\libgcc.a(_udivmodhi4.o)
 .text.libgcc   0x00000000        0x0 c:/program files (x86)/atmel/studio/7.0/toolchain/avr8/avr8-gnu-toolchain/bin/../lib/gcc/avr/5.4.0/avr5\libgcc.a(_udivmodhi4.o)
 .text.libgcc.prologue
                0x00000000        0x0 c:/program files (x86)/atmel/studio/7.0/toolchain/avr8/avr8-gnu-toolchain/bin/../lib/gcc/avr/5.4.0/avr5\libgcc.a(_udivmodhi4.o)
 .text.libgcc.builtins
                0x00000000        0x0 c:/program files (x86)/atmel/studio/7.0/toolchain/avr8/avr8-gnu-toolchain/bin/../lib/gcc/avr/5.4.0/avr5\libgcc.a(_udivmodhi4.o)
 .text.libgcc.fmul
                0x00000000        0x0 c:/program files (x86)/atmel/studio/7.0/toolchain/avr8/avr8-gnu-toolchain/bin/../lib/gcc/avr/5.4.0/avr5\libgcc.a(_udivmodhi4.o)
 .text.libgcc.fixed
                0x00000000        0x0 c:/program files (x86)/atmel/studio/7.0/toolchain/avr8/avr8-gnu-toolchain/bin/../lib/gcc/avr/5.4.0/avr5\libgcc.a(_udivmodhi4.o)

Memory Configuration

Name             Origin             Length             Attributes
text             0x00000000         0x00008000         xr
data             0x00800060         0x00000800         rw !x
eeprom           0x00810000         0x00000400         rw !x
fuse             0x00820000         0x00000002         rw !x
lock             0x00830000         0x00000400         rw !x
signature        0x00840000         0x00000400         rw !x
user_signatures  0x00850000         0x00000400         rw !x
*default*        0x00000000         0xffffffff

Linker script and memory map

LOAD C:/Program Files (x86)/Atmel/Studio/7.0/Packs/atmel/ATmega_DFP/1.6.364/gcc/dev/atmega32/avr5/crtatmega32.o
LOAD App/main.o
LOAD Hal/Buzzer/Buzzer.o
LOAD Hal/DcMotor/DcMotor.o
LOAD Hal/EEPROM/Eeprom.o
LOAD Hal/Keypad/KeyPad.o
LOAD Hal/Lcd/Lcd.o
LOAD Hal/Led/Led.o
LOAD Hal/LM35/Lm35.o
LOAD Hal/PushButton/PushButton.o
LOAD Hal/Relay/Relay.o
LOAD Hal/Servo/Servo.o
LOAD Mcal/Adc/Adc.o
LOAD Mcal/Dio/Dio.o
LOAD Mcal/ExtInt/ExtInt.o
LOAD Mcal/I2C/I2c.o
LOAD Mcal/Timer0/Timer0.o
LOAD Mcal/Timer1/Timer1.o
LOAD Mcal/Timer2/Timer2.o
START GROUP
LOAD c:/program files (x86)/atmel/studio/7.0/toolchain/avr8/avr8-gnu-toolchain/bin/../lib/gcc/avr/5.4.0/../../../../avr/lib/avr5\libm.a
END GROUP
START GROUP
LOAD c:/program files (x86)/atmel/studio/7.0/toolchain/avr8/avr8-gnu-toolchain/bin/../lib/gcc/avr/5.4.0/avr5\libgcc.a
LOAD c:/program files (x86)/atmel/studio/7.0/toolchain/avr8/avr8-gnu-toolchain/bin/../lib/gcc/avr/5.4.0/../../../../avr/lib/avr5\libm.a
LOAD c:/program files (x86)/atmel/studio/7.0/toolchain/avr8/avr8-gnu-toolchain/bin/../lib/gcc/avr/5.4.0/../../../../avr/lib/avr5\libc.a
LOAD C:/Program Files (x86)/Atmel/Studio/7.0/Packs/atmel/ATmega_DFP/1.6.364/gcc/dev/atmega32/avr5\libatmega32.a
END GROUP
                0x00000000                __TEXT_REGION_ORIGIN__ = DEFINED (__TEXT_REGION_ORIGIN__)?__TEXT_REGION_ORIGIN__:0x0
                [0x00800060]                __DATA_REGION_ORIGIN__ = DEFINED (__DATA_REGION_ORIGIN__)?__DATA_REGION_ORIGIN__:0x800060
                [0x00008000]                __TEXT_REGION_LENGTH__ = DEFINED (__TEXT_REGION_LENGTH__)?__TEXT_REGION_LENGTH__:0x20000
                [0x00000800]                __DATA_REGION_LENGTH__ = DEFINED (__DATA_REGION_LENGTH__)?__DATA_REGION_LENGTH__:0xffa0
                [0x00000400]                __EEPROM_REGION_LENGTH__ = DEFINED (__EEPROM_REGION_LENGTH__)?__EEPROM_REGION_LENGTH__:0x10000
                [0x00000002]                __FUSE_REGION_LENGTH__ = DEFINED (__FUSE_REGION_LENGTH__)?__FUSE_REGION_LENGTH__:0x400
                0x00000400                __LOCK_REGION_LENGTH__ = DEFINED (__LOCK_REGION_LENGTH__)?__LOCK_REGION_LENGTH__:0x400
                0x00000400                __SIGNATURE_REGION_LENGTH__ = DEFINED (__SIGNATURE_REGION_LENGTH__)?__SIGNATURE_REGION_LENGTH__:0x400
                0x00000400                __USER_SIGNATURE_REGION_LENGTH__ = DEFINED (__USER_SIGNATURE_REGION_LENGTH__)?__USER_SIGNATURE_REGION_LENGTH__:0x400

.hash
 *(.hash)

.dynsym
 *(.dynsym)

.dynstr
 *(.dynstr)

.gnu.version
 *(.gnu.version)

.gnu.version_d
 *(.gnu.version_d)

.gnu.version_r
 *(.gnu.version_r)

.rel.init
 *(.rel.init)

.rela.init
 *(.rela.init)

.rel.text
 *(.rel.text)
 *(.rel.text.*)
 *(.rel.gnu.linkonce.t*)

.rela.text
 *(.rela.text)
 *(.rela.text.*)
 *(.rela.gnu.linkonce.t*)

.rel.fini
 *(.rel.fini)

.rela.fini
 *(.rela.fini)

.rel.rodata
 *(.rel.rodata)
 *(.rel.rodata.*)
 *(.rel.gnu.linkonce.r*)

.rela.rodata
 *(.rela.rodata)
 *(.rela.rodata.*)
 *(.rela.gnu.linkonce.r*)

.rel.data
 *(.rel.data)
 *(.rel.data.*)
 *(.rel.gnu.linkonce.d*)

.rela.data
 *(.rela.data)
 *(.rela.data.*)
 *(.rela.gnu.linkonce.d*)

.rel.ctors
 *(.rel.ctors)

.rela.ctors
 *(.rela.ctors)

.rel.dtors
 *(.rel.dtors)

.rela.dtors
 *(.rela.dtors)

.rel.got
 *(.rel.got)

.rela.got
 *(.rela.got)

.rel.bss
 *(.rel.bss)

.rela.bss
 *(.rela.bss)

.rel.plt
 *(.rel.plt)

.rela.plt
 *(.rela.plt)

.text           0x00000000     0x2200
 *(.vectors)
 .vectors       0x00000000       0x54 C:/Program Files (x86)/Atmel/Studio/7.0/Packs/atmel/ATmega_DFP/1.6.364/gcc/dev/atmega32/avr5/crtatmega32.o
                0x00000000                __vector_default
                0x00000000                __vectors
 *(.vectors)
 *(.progmem.gcc*)
 .progmem.gcc_sw_table.main
                0x00000054       0x66 App/main.o
                0x000000ba                . = ALIGN (0x2)
                0x000000ba                __trampolines_start = .
 *(.trampolines)
 .trampolines   0x000000ba        0x0 linker stubs
 *(.trampolines*)
                0x000000ba                __trampolines_end = .
 *libprintf_flt.a:*(.progmem.data)
 *libc.a:*(.progmem.data)
 *(.progmem*)
                0x000000ba                . = ALIGN (0x2)
 *(.jumptables)
 *(.jumptables*)
 *(.lowtext)
 *(.lowtext*)
                0x000000ba                __ctors_start = .
 *(.ctors)
                0x000000ba                __ctors_end = .
                0x000000ba                __dtors_start = .
 *(.dtors)
                0x000000ba                __dtors_end = .
 SORT(*)(.ctors)
 SORT(*)(.dtors)
 *(.init0)
 .init0         0x000000ba        0x0 C:/Program Files (x86)/Atmel/Studio/7.0/Packs/atmel/ATmega_DFP/1.6.364/gcc/dev/atmega32/avr5/crtatmega32.o
                0x000000ba                __init
 *(.init0)
 *(.init1)
 *(.init1)
 *(.init2)
 .init2         0x000000ba        0xc C:/Program Files (x86)/Atmel/Studio/7.0/Packs/atmel/ATmega_DFP/1.6.364/gcc/dev/atmega32/avr5/crtatmega32.o
 *(.init2)
 *(.init3)
 *(.init3)
 *(.init4)
 .init4         0x000000c6       0x16 c:/program files (x86)/atmel/studio/7.0/toolchain/avr8/avr8-gnu-toolchain/bin/../lib/gcc/avr/5.4.0/avr5\libgcc.a(_copy_data.o)
                0x000000c6                __do_copy_data
 .init4         0x000000dc       0x10 c:/program files (x86)/atmel/studio/7.0/toolchain/avr8/avr8-gnu-toolchain/bin/../lib/gcc/avr/5.4.0/avr5\libgcc.a(_clear_bss.o)
                0x000000dc                __do_clear_bss
 *(.init4)
 *(.init5)
 *(.init5)
 *(.init6)
 *(.init6)
 *(.init7)
 *(.init7)
 *(.init8)
 *(.init8)
 *(.init9)
 .init9         0x000000ec        0x8 C:/Program Files (x86)/Atmel/Studio/7.0/Packs/atmel/ATmega_DFP/1.6.364/gcc/dev/atmega32/avr5/crtatmega32.o
 *(.init9)
 *(.text)
 .text          0x000000f4        0x4 C:/Program Files (x86)/Atmel/Studio/7.0/Packs/atmel/ATmega_DFP/1.6.364/gcc/dev/atmega32/avr5/crtatmega32.o
                0x000000f4                __vector_1
                0x000000f4                __vector_12
                0x000000f4                __bad_interrupt
                0x000000f4                __vector_6
                0x000000f4                __vector_3
                0x000000f4                __vector_11
                0x000000f4                __vector_13
                0x000000f4                __vector_17
                0x000000f4                __vector_19
                0x000000f4                __vector_7
                0x000000f4                __vector_5
                0x000000f4                __vector_4
                0x000000f4                __vector_9
                0x000000f4                __vector_2
                0x000000f4                __vector_15
                0x000000f4                __vector_8
                0x000000f4                __vector_14
                0x000000f4                __vector_10
                0x000000f4                __vector_16
                0x000000f4                __vector_18
                0x000000f4                __vector_20
                0x000000f8                . = ALIGN (0x2)
 *(.text.*)
 .text.AddUser  0x000000f8      0x1fe App/main.o
                0x000000f8                AddUser
 .text.DeleteUser
                0x000002f6       0xec App/main.o
                0x000002f6                DeleteUser
 .text.AdminLogin
                0x000003e2      0x14a App/main.o
                0x000003e2                AdminLogin
 .text.UserLogin
                0x0000052c      0x126 App/main.o
                0x0000052c                UserLogin
 .text.InputID  0x00000652       0x48 App/main.o
                0x00000652                InputID
 .text.InputPassword
                0x0000069a       0x4a App/main.o
                0x0000069a                InputPassword
 .text.SwitchDoor
                0x000006e4       0x84 App/main.o
                0x000006e4                SwitchDoor
 .text.ACSwitch
                0x00000768       0x6a App/main.o
                0x00000768                ACSwitch
 .text.WelcomingMsg
                0x000007d2       0x34 App/main.o
                0x000007d2                WelcomingMsg
 .text.CloseTheDoor
                0x00000806       0x10 App/main.o
                0x00000806                CloseTheDoor
 .text.CheckAC  0x00000816       0x6a App/main.o
                0x00000816                CheckAC
 .text.CheckDoor
                0x00000880       0x68 App/main.o
                0x00000880                CheckDoor
 .text.main     0x000008e8      0x3ee App/main.o
                0x000008e8                main
 .text.H_Buzzer_Init
                0x00000cd6        0xa Hal/Buzzer/Buzzer.o
                0x00000cd6                H_Buzzer_Init
 .text.H_Buzzer_On
                0x00000ce0        0xa Hal/Buzzer/Buzzer.o
                0x00000ce0                H_Buzzer_On
 .text.H_Buzzer_Off
                0x00000cea        0xa Hal/Buzzer/Buzzer.o
                0x00000cea                H_Buzzer_Off
 .text.H_DcMotor_Init
                0x00000cf4       0x16 Hal/DcMotor/DcMotor.o
                0x00000cf4                H_DcMotor_Init
 .text.H_DcMotor_SetDirection
                0x00000d0a       0x12 Hal/DcMotor/DcMotor.o
                0x00000d0a                H_DcMotor_SetDirection
 .text.H_DcMotor_Speed
                0x00000d1c        0x6 Hal/DcMotor/DcMotor.o
                0x00000d1c                H_DcMotor_Speed
 .text.H_DcMotor_Start
                0x00000d22        0x6 Hal/DcMotor/DcMotor.o
                0x00000d22                H_DcMotor_Start
 .text.H_DcMotor_Stop
                0x00000d28        0x6 Hal/DcMotor/DcMotor.o
                0x00000d28                H_DcMotor_Stop
 .text.H_Eeprom_Init
                0x00000d2e        0x6 Hal/EEPROM/Eeprom.o
                0x00000d2e                H_Eeprom_Init
 .text.H_Eeprom_Write
                0x00000d34       0x34 Hal/EEPROM/Eeprom.o
                0x00000d34                H_Eeprom_Write
 .text.H_Eeprom_Read
                0x00000d68       0x36 Hal/EEPROM/Eeprom.o
                0x00000d68                H_Eeprom_Read
 .text.H_KeyPad_Init
                0x00000d9e       0x82 Hal/Keypad/KeyPad.o
                0x00000d9e                H_KeyPad_Init
 .text.H_KeyPad_Read
                0x00000e20      0x3f0 Hal/Keypad/KeyPad.o
                0x00000e20                H_KeyPad_Read
 .text.H_Lcd_WriteCharacter
                0x00001210       0x66 Hal/Lcd/Lcd.o
                0x00001210                H_Lcd_WriteCharacter
 .text.H_Lcd_WriteCommand
                0x00001276       0x7e Hal/Lcd/Lcd.o
                0x00001276                H_Lcd_WriteCommand
 .text.H_Lcd_Init
                0x000012f4       0x70 Hal/Lcd/Lcd.o
                0x000012f4                H_Lcd_Init
 .text.H_Lcd_WriteNumber
                0x00001364      0x1bc Hal/Lcd/Lcd.o
                0x00001364                H_Lcd_WriteNumber
 .text.H_Lcd_GoTo
                0x00001520       0x30 Hal/Lcd/Lcd.o
                0x00001520                H_Lcd_GoTo
 .text.H_Lcd_Clear
                0x00001550       0x10 Hal/Lcd/Lcd.o
                0x00001550                H_Lcd_Clear
 .text.H_Lcd_WriteString
                0x00001560       0x32 Hal/Lcd/Lcd.o
                0x00001560                H_Lcd_WriteString
 .text.H_Led_Init
                0x00001592        0x8 Hal/Led/Led.o
                0x00001592                H_Led_Init
 .text.H_Led_On
                0x0000159a        0x8 Hal/Led/Led.o
                0x0000159a                H_Led_On
 .text.H_Led_Off
                0x000015a2        0x8 Hal/Led/Led.o
                0x000015a2                H_Led_Off
 .text.H_Lm35_Init
                0x000015aa        0x6 Hal/LM35/Lm35.o
                0x000015aa                H_Lm35_Init
 .text.H_Lm35_Read
                0x000015b0       0x1e Hal/LM35/Lm35.o
                0x000015b0                H_Lm35_Read
 .text.H_PushButton_Init
                0x000015ce        0xa Hal/PushButton/PushButton.o
                0x000015ce                H_PushButton_Init
 .text.H_PushButton_Read
                0x000015d8        0x8 Hal/PushButton/PushButton.o
                0x000015d8                H_PushButton_Read
 .text.H_Relay_Init
                0x000015e0        0xa Hal/Relay/Relay.o
                0x000015e0                H_Relay_Init
 .text.H_Relay_On
                0x000015ea        0xa Hal/Relay/Relay.o
                0x000015ea                H_Relay_On
 .text.H_Relay_Off
                0x000015f4        0xa Hal/Relay/Relay.o
                0x000015f4                H_Relay_Off
 .text.H_Servo_Init
                0x000015fe       0x16 Hal/Servo/Servo.o
                0x000015fe                H_Servo_Init
 .text.H_Servo_SetAngel
                0x00001614       0x2e Hal/Servo/Servo.o
                0x00001614                H_Servo_SetAngel
 .text.M_Adc_Init
                0x00001642       0x58 Mcal/Adc/Adc.o
                0x00001642                M_Adc_Init
 .text.M_Adc_Read
                0x0000169a       0x1a Mcal/Adc/Adc.o
                0x0000169a                M_Adc_Read
 .text.M_Dio_PinMode
                0x000016b4      0x112 Mcal/Dio/Dio.o
                0x000016b4                M_Dio_PinMode
 .text.M_Dio_PinWrite
                0x000017c6      0x112 Mcal/Dio/Dio.o
                0x000017c6                M_Dio_PinWrite
 .text.M_Dio_PinRead
                0x000018d8       0x88 Mcal/Dio/Dio.o
                0x000018d8                M_Dio_PinRead
 .text.M_Dio_PinPullUp
                0x00001960      0x112 Mcal/Dio/Dio.o
                0x00001960                M_Dio_PinPullUp
 .text.M_I2c_Init
                0x00001a72       0x1e Mcal/I2C/I2c.o
                0x00001a72                M_I2c_Init
 .text.M_I2c_StartCondition
                0x00001a90       0x28 Mcal/I2C/I2c.o
                0x00001a90                M_I2c_StartCondition
 .text.M_I2c_SendSlaveAddressWrite
                0x00001ab8       0x26 Mcal/I2C/I2c.o
                0x00001ab8                M_I2c_SendSlaveAddressWrite
 .text.M_I2c_SendSlaveAddressRead
                0x00001ade       0x2c Mcal/I2C/I2c.o
                0x00001ade                M_I2c_SendSlaveAddressRead
 .text.M_I2c_SendSByte
                0x00001b0a       0x30 Mcal/I2C/I2c.o
                0x00001b0a                M_I2c_SendSByte
 .text.M_I2c_ReadByteNoAck
                0x00001b3a        0xe Mcal/I2C/I2c.o
                0x00001b3a                M_I2c_ReadByteNoAck
 .text.M_I2c_RepeatedStart
                0x00001b48       0x1c Mcal/I2C/I2c.o
                0x00001b48                M_I2c_RepeatedStart
 .text.M_I2c_StopCondition
                0x00001b64       0x1a Mcal/I2C/I2c.o
                0x00001b64                M_I2c_StopCondition
 .text.M_Pwm1_Init
                0x00001b7e       0x2c Mcal/Timer1/Timer1.o
                0x00001b7e                M_Pwm1_Init
 .text.M_Pwm1_SetDutyCycle
                0x00001baa       0x4a Mcal/Timer1/Timer1.o
                0x00001baa                M_Pwm1_SetDutyCycle
 .text.M_Pwm1_SetFrequency
                0x00001bf4       0x2a Mcal/Timer1/Timer1.o
                0x00001bf4                M_Pwm1_SetFrequency
 .text.M_Pwm1_Start
                0x00001c1e       0x14 Mcal/Timer1/Timer1.o
                0x00001c1e                M_Pwm1_Start
 .text.M_Timer2_Start
                0x00001c32       0x14 Mcal/Timer2/Timer2.o
                0x00001c32                M_Timer2_Start
 .text.M_Timer2_Stop
                0x00001c46       0x14 Mcal/Timer2/Timer2.o
                0x00001c46                M_Timer2_Stop
 .text.M_Pwm2_Init
                0x00001c5a       0x22 Mcal/Timer2/Timer2.o
                0x00001c5a                M_Pwm2_Init
 .text.M_Pwm2_SetDutyCycle
                0x00001c7c       0x40 Mcal/Timer2/Timer2.o
                0x00001c7c                M_Pwm2_SetDutyCycle
 .text.M_Pwm2_Start
                0x00001cbc        0xe Mcal/Timer2/Timer2.o
                0x00001cbc                M_Pwm2_Start
 .text.M_Pwm2_Stop
                0x00001cca        0xe Mcal/Timer2/Timer2.o
                0x00001cca                M_Pwm2_Stop
 .text.avr-libc.fplib
                0x00001cd8        0xe c:/program files (x86)/atmel/studio/7.0/toolchain/avr8/avr8-gnu-toolchain/bin/../lib/gcc/avr/5.4.0/../../../../avr/lib/avr5\libm.a(addsf3.o)
                0x00001cd8                __subsf3
                0x00001cda                __addsf3
 .text.avr-libc.fplib
                0x00001ce6       0xcc c:/program files (x86)/atmel/studio/7.0/toolchain/avr8/avr8-gnu-toolchain/bin/../lib/gcc/avr/5.4.0/../../../../avr/lib/avr5\libm.a(addsf3x.o)
                0x00001d08                __addsf3x
 .text.avr-libc.fplib
                0x00001db2        0x8 c:/program files (x86)/atmel/studio/7.0/toolchain/avr8/avr8-gnu-toolchain/bin/../lib/gcc/avr/5.4.0/../../../../avr/lib/avr5\libm.a(divsf3.o)
                0x00001db2                __divsf3
 .text.avr-libc.fplib
                0x00001dba       0xdc c:/program files (x86)/atmel/studio/7.0/toolchain/avr8/avr8-gnu-toolchain/bin/../lib/gcc/avr/5.4.0/../../../../avr/lib/avr5\libm.a(divsf3x.o)
                0x00001dda                __divsf3x
                0x00001de0                __divsf3_pse
 .text.avr-libc.fplib
                0x00001e96       0x5e c:/program files (x86)/atmel/studio/7.0/toolchain/avr8/avr8-gnu-toolchain/bin/../lib/gcc/avr/5.4.0/../../../../avr/lib/avr5\libm.a(fixunssfsi.o)
                0x00001e96                __fixunssfsi
 .text.avr-libc.fplib
                0x00001ef4       0x7a c:/program files (x86)/atmel/studio/7.0/toolchain/avr8/avr8-gnu-toolchain/bin/../lib/gcc/avr/5.4.0/../../../../avr/lib/avr5\libm.a(floatsisf.o)
                0x00001ef4                __floatunsisf
                0x00001ef8                __floatsisf
 .text.avr-libc.fplib
                0x00001f6e        0xc c:/program files (x86)/atmel/studio/7.0/toolchain/avr8/avr8-gnu-toolchain/bin/../lib/gcc/avr/5.4.0/../../../../avr/lib/avr5\libm.a(fp_inf.o)
                0x00001f6e                __fp_inf
 .text.avr-libc.fplib
                0x00001f7a        0x6 c:/program files (x86)/atmel/studio/7.0/toolchain/avr8/avr8-gnu-toolchain/bin/../lib/gcc/avr/5.4.0/../../../../avr/lib/avr5\libm.a(fp_nan.o)
                0x00001f7a                __fp_nan
 .text.avr-libc.fplib
                0x00001f80        0xe c:/program files (x86)/atmel/studio/7.0/toolchain/avr8/avr8-gnu-toolchain/bin/../lib/gcc/avr/5.4.0/../../../../avr/lib/avr5\libm.a(fp_pscA.o)
                0x00001f80                __fp_pscA
 .text.avr-libc.fplib
                0x00001f8e        0xe c:/program files (x86)/atmel/studio/7.0/toolchain/avr8/avr8-gnu-toolchain/bin/../lib/gcc/avr/5.4.0/../../../../avr/lib/avr5\libm.a(fp_pscB.o)
                0x00001f8e                __fp_pscB
 .text.avr-libc.fplib
                0x00001f9c       0x22 c:/program files (x86)/atmel/studio/7.0/toolchain/avr8/avr8-gnu-toolchain/bin/../lib/gcc/avr/5.4.0/../../../../avr/lib/avr5\libm.a(fp_round.o)
                0x00001f9c                __fp_round
 .text.avr-libc.fplib
                0x00001fbe       0x44 c:/program files (x86)/atmel/studio/7.0/toolchain/avr8/avr8-gnu-toolchain/bin/../lib/gcc/avr/5.4.0/../../../../avr/lib/avr5\libm.a(fp_split3.o)
                0x00001fbe                __fp_split3
                0x00001fce                __fp_splitA
 .text.avr-libc.fplib
                0x00002002        0xe c:/program files (x86)/atmel/studio/7.0/toolchain/avr8/avr8-gnu-toolchain/bin/../lib/gcc/avr/5.4.0/../../../../avr/lib/avr5\libm.a(fp_zero.o)
                0x00002002                __fp_zero
                0x00002004                __fp_szero
 .text.avr-libc.fplib
                0x00002010        0x8 c:/program files (x86)/atmel/studio/7.0/toolchain/avr8/avr8-gnu-toolchain/bin/../lib/gcc/avr/5.4.0/../../../../avr/lib/avr5\libm.a(mulsf3.o)
                0x00002010                __mulsf3
 .text.avr-libc.fplib
                0x00002018       0xd2 c:/program files (x86)/atmel/studio/7.0/toolchain/avr8/avr8-gnu-toolchain/bin/../lib/gcc/avr/5.4.0/../../../../avr/lib/avr5\libm.a(mulsf3x.o)
                0x00002036                __mulsf3x
                0x0000203c                __mulsf3_pse
 .text.libgcc.div
                0x000020ea       0x28 c:/program files (x86)/atmel/studio/7.0/toolchain/avr8/avr8-gnu-toolchain/bin/../lib/gcc/avr/5.4.0/avr5\libgcc.a(_divmodhi4.o)
                0x000020ea                _div
                0x000020ea                __divmodhi4
 .text.libgcc.div
                0x00002112       0x44 c:/program files (x86)/atmel/studio/7.0/toolchain/avr8/avr8-gnu-toolchain/bin/../lib/gcc/avr/5.4.0/avr5\libgcc.a(_udivmodsi4.o)
                0x00002112                __udivmodsi4
 .text.libgcc.div
                0x00002156       0x2e c:/program files (x86)/atmel/studio/7.0/toolchain/avr8/avr8-gnu-toolchain/bin/../lib/gcc/avr/5.4.0/avr5\libgcc.a(_divmodsi4.o)
                0x00002156                __divmodsi4
 .text.libgcc.div
                0x00002184       0x10 c:/program files (x86)/atmel/studio/7.0/toolchain/avr8/avr8-gnu-toolchain/bin/../lib/gcc/avr/5.4.0/avr5\libgcc.a(_negsi2.o)
                0x00002184                __negsi2
 .text.libgcc   0x00002194        0xc c:/program files (x86)/atmel/studio/7.0/toolchain/avr8/avr8-gnu-toolchain/bin/../lib/gcc/avr/5.4.0/avr5\libgcc.a(_tablejump2.o)
                0x00002194                __tablejump2__
 .text.libgcc.mul
                0x000021a0       0x1e c:/program files (x86)/atmel/studio/7.0/toolchain/avr8/avr8-gnu-toolchain/bin/../lib/gcc/avr/5.4.0/avr5\libgcc.a(_umulhisi3.o)
                0x000021a0                __umulhisi3
 .text.libgcc.mul
                0x000021be       0x16 c:/program files (x86)/atmel/studio/7.0/toolchain/avr8/avr8-gnu-toolchain/bin/../lib/gcc/avr/5.4.0/avr5\libgcc.a(_muluhisi3.o)
                0x000021be                __muluhisi3
 .text.libgcc.div
                0x000021d4       0x28 c:/program files (x86)/atmel/studio/7.0/toolchain/avr8/avr8-gnu-toolchain/bin/../lib/gcc/avr/5.4.0/avr5\libgcc.a(_udivmodhi4.o)
                0x000021d4                __udivmodhi4
                0x000021fc                . = ALIGN (0x2)
 *(.fini9)
 .fini9         0x000021fc        0x0 c:/program files (x86)/atmel/studio/7.0/toolchain/avr8/avr8-gnu-toolchain/bin/../lib/gcc/avr/5.4.0/avr5\libgcc.a(_exit.o)
                0x000021fc                _exit
                0x000021fc                exit
 *(.fini9)
 *(.fini8)
 *(.fini8)
 *(.fini7)
 *(.fini7)
 *(.fini6)
 *(.fini6)
 *(.fini5)
 *(.fini5)
 *(.fini4)
 *(.fini4)
 *(.fini3)
 *(.fini3)
 *(.fini2)
 *(.fini2)
 *(.fini1)
 *(.fini1)
 *(.fini0)
 .fini0         0x000021fc        0x4 c:/program files (x86)/atmel/studio/7.0/toolchain/avr8/avr8-gnu-toolchain/bin/../lib/gcc/avr/5.4.0/avr5\libgcc.a(_exit.o)
 *(.fini0)
                0x00002200                _etext = .

.data           0x00800060      0x1d2 load address 0x00002200
                0x00800060                PROVIDE (__data_start, .)
 *(.data)
 *(.data*)
 *(.gnu.linkonce.d*)
 *(.rodata)
 *(.rodata*)
 .rodata.str1.1
                0x00800060      0x1d2 App/main.o
 *(.gnu.linkonce.r*)
                0x00800232                . = ALIGN (0x2)
                0x00800232                _edata = .
                0x00800232                PROVIDE (__data_end, .)

.bss            0x00800232        0x1
                0x00800232                PROVIDE (__bss_start, .)
 *(.bss)
 *(.bss*)
 .bss.AppState  0x00800232        0x1 App/main.o
                0x00800232                AppState
 *(COMMON)
                0x00800233                PROVIDE (__bss_end, .)
                0x00002200                __data_load_start = LOADADDR (.data)
                0x000023d2                __data_load_end = (__data_load_start + SIZEOF (.data))

.noinit         0x00800233        0x0
                [!provide]                PROVIDE (__noinit_start, .)
 *(.noinit*)
                [!provide]                PROVIDE (__noinit_end, .)
                0x00800233                _end = .
                [!provide]                PROVIDE (__heap_start, .)

.eeprom         0x00810000        0x0
 *(.eeprom*)
                0x00810000                __eeprom_end = .

.fuse
 *(.fuse)
 *(.lfuse)
 *(.hfuse)
 *(.efuse)

.lock
 *(.lock*)

.signature
 *(.signature*)

.user_signatures
 *(.user_signatures*)

.stab
 *(.stab)

.stabstr
 *(.stabstr)

.stab.excl
 *(.stab.excl)

.stab.exclstr
 *(.stab.exclstr)

.stab.index
 *(.stab.index)

.stab.indexstr
 *(.stab.indexstr)

.comment        0x00000000       0x30
 *(.comment)
 .comment       0x00000000       0x30 App/main.o
                                 0x31 (size before relaxing)
 .comment       0x00000030       0x31 Hal/Buzzer/Buzzer.o
 .comment       0x00000030       0x31 Hal/DcMotor/DcMotor.o
 .comment       0x00000030       0x31 Hal/EEPROM/Eeprom.o
 .comment       0x00000030       0x31 Hal/Keypad/KeyPad.o
 .comment       0x00000030       0x31 Hal/Lcd/Lcd.o
 .comment       0x00000030       0x31 Hal/Led/Led.o
 .comment       0x00000030       0x31 Hal/LM35/Lm35.o
 .comment       0x00000030       0x31 Hal/PushButton/PushButton.o
 .comment       0x00000030       0x31 Hal/Relay/Relay.o
 .comment       0x00000030       0x31 Hal/Servo/Servo.o
 .comment       0x00000030       0x31 Mcal/Adc/Adc.o
 .comment       0x00000030       0x31 Mcal/Dio/Dio.o
 .comment       0x00000030       0x31 Mcal/I2C/I2c.o
 .comment       0x00000030       0x31 Mcal/Timer1/Timer1.o
 .comment       0x00000030       0x31 Mcal/Timer2/Timer2.o

.note.gnu.avr.deviceinfo
                0x00000000       0x3c
 .note.gnu.avr.deviceinfo
                0x00000000       0x3c C:/Program Files (x86)/Atmel/Studio/7.0/Packs/atmel/ATmega_DFP/1.6.364/gcc/dev/atmega32/avr5/crtatmega32.o

.note.gnu.build-id
 *(.note.gnu.build-id)

.debug
 *(.debug)

.line
 *(.line)

.debug_srcinfo
 *(.debug_srcinfo)

.debug_sfnames
 *(.debug_sfnames)

.debug_aranges  0x00000000      0x420
 *(.debug_aranges)
 .debug_aranges
                0x00000000       0x98 App/main.o
 .debug_aranges
                0x00000098       0x40 Hal/Buzzer/Buzzer.o
 .debug_aranges
                0x000000d8       0x40 Hal/DcMotor/DcMotor.o
 .debug_aranges
                0x00000118       0x30 Hal/EEPROM/Eeprom.o
 .debug_aranges
                0x00000148       0x28 Hal/Keypad/KeyPad.o
 .debug_aranges
                0x00000170       0x50 Hal/Lcd/Lcd.o
 .debug_aranges
                0x000001c0       0x40 Hal/Led/Led.o
 .debug_aranges
                0x00000200       0x28 Hal/LM35/Lm35.o
 .debug_aranges
                0x00000228       0x28 Hal/PushButton/PushButton.o
 .debug_aranges
                0x00000250       0x30 Hal/Relay/Relay.o
 .debug_aranges
                0x00000280       0x30 Hal/Servo/Servo.o
 .debug_aranges
                0x000002b0       0x30 Mcal/Adc/Adc.o
 .debug_aranges
                0x000002e0       0x40 Mcal/Dio/Dio.o
 .debug_aranges
                0x00000320       0x60 Mcal/I2C/I2c.o
 .debug_aranges
                0x00000380       0x40 Mcal/Timer1/Timer1.o
 .debug_aranges
                0x000003c0       0x60 Mcal/Timer2/Timer2.o

.debug_pubnames
 *(.debug_pubnames)

.debug_info     0x00000000     0x50b0
 *(.debug_info .gnu.linkonce.wi.*)
 .debug_info    0x00000000      0x4e6 C:/Program Files (x86)/Atmel/Studio/7.0/Packs/atmel/ATmega_DFP/1.6.364/gcc/dev/atmega32/avr5/crtatmega32.o
 .debug_info    0x000004e6     0x1fac App/main.o
 .debug_info    0x00002492      0x226 Hal/Buzzer/Buzzer.o
 .debug_info    0x000026b8      0x20e Hal/DcMotor/DcMotor.o
 .debug_info    0x000028c6      0x259 Hal/EEPROM/Eeprom.o
 .debug_info    0x00002b1f      0xc69 Hal/Keypad/KeyPad.o
 .debug_info    0x00003788      0x6da Hal/Lcd/Lcd.o
 .debug_info    0x00003e62      0x27f Hal/Led/Led.o
 .debug_info    0x000040e1      0x11b Hal/LM35/Lm35.o
 .debug_info    0x000041fc       0xf4 Hal/PushButton/PushButton.o
 .debug_info    0x000042f0      0x125 Hal/Relay/Relay.o
 .debug_info    0x00004415      0x190 Hal/Servo/Servo.o
 .debug_info    0x000045a5      0x181 Mcal/Adc/Adc.o
 .debug_info    0x00004726      0x1fa Mcal/Dio/Dio.o
 .debug_info    0x00004920      0x35b Mcal/I2C/I2c.o
 .debug_info    0x00004c7b      0x178 Mcal/Timer1/Timer1.o
 .debug_info    0x00004df3      0x2bd Mcal/Timer2/Timer2.o

.debug_abbrev   0x00000000     0x14d3
 *(.debug_abbrev)
 .debug_abbrev  0x00000000      0x4a3 C:/Program Files (x86)/Atmel/Studio/7.0/Packs/atmel/ATmega_DFP/1.6.364/gcc/dev/atmega32/avr5/crtatmega32.o
 .debug_abbrev  0x000004a3      0x229 App/main.o
 .debug_abbrev  0x000006cc       0xf1 Hal/Buzzer/Buzzer.o
 .debug_abbrev  0x000007bd       0xa3 Hal/DcMotor/DcMotor.o
 .debug_abbrev  0x00000860       0xdd Hal/EEPROM/Eeprom.o
 .debug_abbrev  0x0000093d      0x13b Hal/Keypad/KeyPad.o
 .debug_abbrev  0x00000a78      0x1f2 Hal/Lcd/Lcd.o
 .debug_abbrev  0x00000c6a      0x127 Hal/Led/Led.o
 .debug_abbrev  0x00000d91       0xaa Hal/LM35/Lm35.o
 .debug_abbrev  0x00000e3b       0x9c Hal/PushButton/PushButton.o
 .debug_abbrev  0x00000ed7       0x6f Hal/Relay/Relay.o
 .debug_abbrev  0x00000f46       0xbd Hal/Servo/Servo.o
 .debug_abbrev  0x00001003       0xef Mcal/Adc/Adc.o
 .debug_abbrev  0x000010f2       0xb8 Mcal/Dio/Dio.o
 .debug_abbrev  0x000011aa      0x14f Mcal/I2C/I2c.o
 .debug_abbrev  0x000012f9       0xac Mcal/Timer1/Timer1.o
 .debug_abbrev  0x000013a5      0x12e Mcal/Timer2/Timer2.o

.debug_line     0x00000000     0x285f
 *(.debug_line .debug_line.* .debug_line_end)
 .debug_line    0x00000000      0x116 C:/Program Files (x86)/Atmel/Studio/7.0/Packs/atmel/ATmega_DFP/1.6.364/gcc/dev/atmega32/avr5/crtatmega32.o
 .debug_line    0x00000116      0xf3c App/main.o
 .debug_line    0x00001052      0x191 Hal/Buzzer/Buzzer.o
 .debug_line    0x000011e3       0xfb Hal/DcMotor/DcMotor.o
 .debug_line    0x000012de       0xee Hal/EEPROM/Eeprom.o
 .debug_line    0x000013cc      0x4c2 Hal/Keypad/KeyPad.o
 .debug_line    0x0000188e      0x380 Hal/Lcd/Lcd.o
 .debug_line    0x00001c0e      0x1a6 Hal/Led/Led.o
 .debug_line    0x00001db4       0x92 Hal/LM35/Lm35.o
 .debug_line    0x00001e46       0x98 Hal/PushButton/PushButton.o
 .debug_line    0x00001ede       0x89 Hal/Relay/Relay.o
 .debug_line    0x00001f67       0xdd Hal/Servo/Servo.o
 .debug_line    0x00002044       0xdd Mcal/Adc/Adc.o
 .debug_line    0x00002121      0x1e1 Mcal/Dio/Dio.o
 .debug_line    0x00002302      0x2d7 Mcal/I2C/I2c.o
 .debug_line    0x000025d9       0xfa Mcal/Timer1/Timer1.o
 .debug_line    0x000026d3      0x18c Mcal/Timer2/Timer2.o

.debug_frame    0x00000000      0x860
 *(.debug_frame)
 .debug_frame   0x00000000      0x21c App/main.o
 .debug_frame   0x0000021c       0x64 Hal/Buzzer/Buzzer.o
 .debug_frame   0x00000280       0x64 Hal/DcMotor/DcMotor.o
 .debug_frame   0x000002e4       0x60 Hal/EEPROM/Eeprom.o
 .debug_frame   0x00000344       0x3c Hal/Keypad/KeyPad.o
 .debug_frame   0x00000380      0x110 Hal/Lcd/Lcd.o
 .debug_frame   0x00000490       0x6c Hal/Led/Led.o
 .debug_frame   0x000004fc       0x34 Hal/LM35/Lm35.o
 .debug_frame   0x00000530       0x34 Hal/PushButton/PushButton.o
 .debug_frame   0x00000564       0x44 Hal/Relay/Relay.o
 .debug_frame   0x000005a8       0x44 Hal/Servo/Servo.o
 .debug_frame   0x000005ec       0x44 Mcal/Adc/Adc.o
 .debug_frame   0x00000630       0x64 Mcal/Dio/Dio.o
 .debug_frame   0x00000694       0xa4 Mcal/I2C/I2c.o
 .debug_frame   0x00000738       0x78 Mcal/Timer1/Timer1.o
 .debug_frame   0x000007b0       0xb0 Mcal/Timer2/Timer2.o

.debug_str      0x00000000      0xda7
 *(.debug_str)
 .debug_str     0x00000000      0x196 C:/Program Files (x86)/Atmel/Studio/7.0/Packs/atmel/ATmega_DFP/1.6.364/gcc/dev/atmega32/avr5/crtatmega32.o
 .debug_str     0x00000196      0x4eb App/main.o
                                0x541 (size before relaxing)
 .debug_str     0x00000681       0x5c Hal/Buzzer/Buzzer.o
                                0x235 (size before relaxing)
 .debug_str     0x000006dd       0x74 Hal/DcMotor/DcMotor.o
                                0x259 (size before relaxing)
 .debug_str     0x00000751       0xf2 Hal/EEPROM/Eeprom.o
                                0x28b (size before relaxing)
 .debug_str     0x00000843       0x5f Hal/Keypad/KeyPad.o
                                0x253 (size before relaxing)
 .debug_str     0x000008a2       0xef Hal/Lcd/Lcd.o
                                0x322 (size before relaxing)
 .debug_str     0x00000991       0x3b Hal/Led/Led.o
                                0x235 (size before relaxing)
 .debug_str     0x000009cc       0x4d Hal/LM35/Lm35.o
                                0x1d3 (size before relaxing)
 .debug_str     0x00000a19       0x30 Hal/PushButton/PushButton.o
                                0x1ac (size before relaxing)
 .debug_str     0x00000a49       0x15 Hal/Relay/Relay.o
                                0x1c4 (size before relaxing)
 .debug_str     0x00000a5e       0x89 Hal/Servo/Servo.o
                                0x228 (size before relaxing)
 .debug_str     0x00000ae7       0x7f Mcal/Adc/Adc.o
                                0x211 (size before relaxing)
 .debug_str     0x00000b66       0x92 Mcal/Dio/Dio.o
                                0x216 (size before relaxing)
 .debug_str     0x00000bf8       0x40 Mcal/I2C/I2c.o
                                0x2bd (size before relaxing)
 .debug_str     0x00000c38       0x4e Mcal/Timer1/Timer1.o
                                0x236 (size before relaxing)
 .debug_str     0x00000c86      0x121 Mcal/Timer2/Timer2.o
                                0x312 (size before relaxing)

.debug_loc      0x00000000     0x2d9e
 *(.debug_loc)
 .debug_loc     0x00000000     0x171c App/main.o
 .debug_loc     0x0000171c       0x48 Hal/Buzzer/Buzzer.o
 .debug_loc     0x00001764       0x42 Hal/DcMotor/DcMotor.o
 .debug_loc     0x000017a6      0x17c Hal/EEPROM/Eeprom.o
 .debug_loc     0x00001922      0x64d Hal/Keypad/KeyPad.o
 .debug_loc     0x00001f6f      0x656 Hal/Lcd/Lcd.o
 .debug_loc     0x000025c5      0x11a Hal/Led/Led.o
 .debug_loc     0x000026df       0x18 Hal/LM35/Lm35.o
 .debug_loc     0x000026f7       0x1f Hal/PushButton/PushButton.o
 .debug_loc     0x00002716       0x70 Hal/Servo/Servo.o
 .debug_loc     0x00002786       0x37 Mcal/Adc/Adc.o
 .debug_loc     0x000027bd      0x27a Mcal/Dio/Dio.o
 .debug_loc     0x00002a37      0x21d Mcal/I2C/I2c.o
 .debug_loc     0x00002c54       0xb3 Mcal/Timer1/Timer1.o
 .debug_loc     0x00002d07       0x97 Mcal/Timer2/Timer2.o

.debug_macinfo
 *(.debug_macinfo)

.debug_weaknames
 *(.debug_weaknames)

.debug_funcnames
 *(.debug_funcnames)

.debug_typenames
 *(.debug_typenames)

.debug_varnames
 *(.debug_varnames)

.debug_pubtypes
 *(.debug_pubtypes)

.debug_ranges   0x00000000      0x368
 *(.debug_ranges)
 .debug_ranges  0x00000000       0xd0 App/main.o
 .debug_ranges  0x000000d0       0x30 Hal/Buzzer/Buzzer.o
 .debug_ranges  0x00000100       0x30 Hal/DcMotor/DcMotor.o
 .debug_ranges  0x00000130       0x20 Hal/EEPROM/Eeprom.o
 .debug_ranges  0x00000150       0x18 Hal/Keypad/KeyPad.o
 .debug_ranges  0x00000168       0x40 Hal/Lcd/Lcd.o
 .debug_ranges  0x000001a8       0x30 Hal/Led/Led.o
 .debug_ranges  0x000001d8       0x18 Hal/LM35/Lm35.o
 .debug_ranges  0x000001f0       0x18 Hal/PushButton/PushButton.o
 .debug_ranges  0x00000208       0x20 Hal/Relay/Relay.o
 .debug_ranges  0x00000228       0x20 Hal/Servo/Servo.o
 .debug_ranges  0x00000248       0x20 Mcal/Adc/Adc.o
 .debug_ranges  0x00000268       0x30 Mcal/Dio/Dio.o
 .debug_ranges  0x00000298       0x50 Mcal/I2C/I2c.o
 .debug_ranges  0x000002e8       0x30 Mcal/Timer1/Timer1.o
 .debug_ranges  0x00000318       0x50 Mcal/Timer2/Timer2.o

.debug_macro
 *(.debug_macro)
OUTPUT(SmartHome.elf elf32-avr)
LOAD linker stubs
